   Ôû▓ Next.js 16.0.10 (webpack)
   - Environments: .env.local

   Creating an optimized production build ...
 Ô£ô (pwa) Compiling for server...
 Ô£ô (pwa) Compiling for server...
 Ô£ô (pwa) Compiling for client (static)...
 Ôùï (pwa) Service worker: D:\Projects(Clients)\Project(ClosetByEra)2\closet-by-era\public\sw.js
 Ôùï (pwa)   URL: /sw.js
 Ôùï (pwa)   Scope: /
 Ô£ô Compiled successfully in 6.9s
   Running TypeScript ...
node.exe : Failed to compile.
At line:1 char:1
+ & "C:\Program Files\nodejs/node.exe" "C:\Program 
Files\nodejs/node_mo ...
+ 
~~~~~~~~~~~~~~~~~~~~~~~~~~~~~~~~~~~~~~~~~~~~~~~~~~~~~~~~~~~~~~~~~~~~~
    + CategoryInfo          : NotSpecified: (Failed to compile.:Stri 
   ng) [], RemoteException
    + FullyQualifiedErrorId : NativeCommandError
 

./src/actions/import.ts:79:67
Type error: Argument of type 'string | undefined' is not assignable 
to parameter of type 'string'.
  Type 'undefined' is not assignable to type 'string'.

[0m [90m 77 |[39m                 [36mif[39m (newCat) {
 [90m 78 |[39m                     categoryId [33m=[39m 
newCat[33m.[39mid[33m;[39m
[31m[1m>[22m[39m[90m 79 |[39m                     categoriesMap
[33m.[39m[36mset[39m(row[33m.[39mcategory[33m.[39mtoLowerCase
()[33m,[39m categoryId)[33m;[39m
 [90m    |[39m                                                     
              [31m[1m^[22m[39m
 [90m 80 |[39m                 } [36melse[39m {
 [90m 81 |[39m                     errors[33m.[39mpush([32m`Row 
${i + 1}: Failed to create category 
'${row.category}'`[39m)[33m;[39m
 [90m 82 |[39m                     
[36mcontinue[39m[33m;[39m[0m
Next.js build worker exited with code: 1 and signal: null
